// Jest Snapshot v1, https://goo.gl/fbAQLP

exports[`App should match the snapshot 1`] = `
<div
  className="App"
>
  <Connect(SignIn) />
  <Connect(SignUp) />
  <Route
    component={[Function]}
    exact={true}
    path="/"
  />
</div>
`;
