// Jest Snapshot v1, https://goo.gl/fbAQLP

exports[`CardContainer should match the snapshot 1`] = `
<div>
  <Card
    id={1}
    key="1"
  />
  <Card
    id={2}
    key="2"
  />
  <Card
    id={3}
    key="3"
  />
</div>
`;
